+++ R6-200: executing command 'show bgp all summary' +++
show bgp all summary
For address family: IPv4 Unicast
BGP router identifier 6.6.6.6, local AS number 200
BGP table version is 39, main routing table version 39
25 network entries using 3500 bytes of memory
31 path entries using 2480 bytes of memory
10/7 BGP path/bestpath attribute entries using 1440 bytes of memory
4 BGP AS-PATH entries using 96 bytes of memory
0 BGP route-map cache entries using 0 bytes of memory
0 BGP filter-list cache entries using 0 bytes of memory
BGP using 7516 total bytes of memory
BGP activity 25/0 prefixes, 32/1 paths, scan interval 60 secs

Neighbor        V           AS MsgRcvd MsgSent   TblVer  InQ OutQ Up/Down  State/PfxRcd
192.168.1.1     4          200      32      31       39    0    0 00:17:50       15
200.1.2.2       4          400      30      30       39    0    0 00:17:48       16
R6-200#
+++ R6-200: executing command 'show ip bgp template peer-session' +++
show ip bgp template peer-session
No templates configured

R6-200#
+++ R6-200: executing command 'show ip bgp template peer-policy' +++
show ip bgp template peer-policy
No templates configured

R6-200#
+++ R6-200: executing command 'show vrf detail | inc \(VRF' +++
show vrf detail | inc \(VRF
R6-200#
+++ R6-200: executing command 'show bgp all cluster-ids' +++
show bgp all cluster-ids
Global cluster-id: 6.6.6.6 (configured: 0.0.0.0)
BGP client-to-client reflection:         Configured    Used
  all (inter-cluster and intra-cluster): ENABLED
  intra-cluster:                         ENABLED       ENABLED

List of cluster-ids:
Cluster-id     #-neighbors C2C-rfl-CFG C2C-rfl-USE
R6-200#
+++ R6-200: executing command 'show ip bgp all dampening parameters' +++
show ip bgp all dampening parameters
For address family: IPv4 Unicast

% dampening not enabled for base

For address family: IPv4 Multicast

% dampening not enabled for base

For address family: MVPNv4 Unicast

% dampening not enabled for base
R6-200#
+++ R6-200: executing command 'show bgp all neighbors' +++
show bgp all neighbors
For address family: IPv4 Unicast
BGP neighbor is 192.168.1.1,  remote AS 200, internal link
  BGP version 4, remote router ID 5.5.5.5
  BGP state = Established, up for 00:17:51
  Last read 00:00:08, last write 00:00:23, hold time is 180, keepalive interval is 60 seconds
  Neighbor sessions:
    1 active, is not multisession capable (disabled)
  Neighbor capabilities:
    Route refresh: advertised and received(new)
    Four-octets ASN Capability: advertised and received
    Address family IPv4 Unicast: advertised and received
    Enhanced Refresh Capability: advertised and received
    Multisession Capability: 
    Stateful switchover support enabled: NO for session 1
  Message statistics:
    InQ depth is 0
    OutQ depth is 0
    
                         Sent       Rcvd
    Opens:                  1          1
    Notifications:          0          0
    Updates:               11         10
    Keepalives:            19         21
    Route Refresh:          0          0
    Total:                 31         32
  Default minimum time between advertisement runs is 0 seconds

  Address tracking is enabled, the RIB does have a route to 192.168.1.1
  Connections established 1; dropped 0
  Last reset never
  Transport(tcp) path-mtu-discovery is enabled
  Graceful-Restart is disabled
Connection state is ESTAB, I/O status: 1, unread input bytes: 0            
Connection is ECN Disabled, Mininum incoming TTL 0, Outgoing TTL 255
Local host: 192.168.1.2, Local port: 23017
Foreign host: 192.168.1.1, Foreign port: 179
Connection tableid (VRF): 0
Maximum output segment queue size: 50

Enqueued packets for retransmit: 0, input: 0  mis-ordered: 0 (0 bytes)

Event Timers (current time is 0x1098F6):
Timer          Starts    Wakeups            Next
Retrans            26          0             0x0
TimeWait            0          0             0x0
AckHold            24         22             0x0
SendWnd             0          0             0x0
KeepAlive           0          0             0x0
GiveUp              0          0             0x0
PmtuAger          340        339        0x109C60
DeadWait            0          0             0x0
Linger              0          0             0x0
ProcessQ            0          0             0x0

iss: 1709120291  snduna: 1709121291  sndnxt: 1709121291
irs: 2972399517  rcvnxt: 2972400547

sndwnd:  15385  scale:      0  maxrcvwnd:  16384
rcvwnd:  15355  scale:      0  delrcvwnd:   1029

SRTT: 969 ms, RTTO: 1216 ms, RTV: 247 ms, KRTT: 0 ms
minRTT: 1 ms, maxRTT: 1000 ms, ACK hold: 200 ms
Status Flags: active open
Option Flags: nagle, path mtu capable
IP Precedence value : 6

Datagrams (max data segment is 1460 bytes):
Rcvd: 50 (out of order: 0), with data: 24, total data bytes: 1029
Sent: 50 (retransmit: 0, fastretransmit: 0, partialack: 0, Second Congestion: 0), with data: 25, total data bytes: 999

 Packets received in fast path: 0, fast processed: 0, slow path: 0
 fast lock acquisition failures: 0, slow path: 0
TCP Semaphore      0xF4968814  FREE 

BGP neighbor is 200.1.2.2,  remote AS 400, external link
  BGP version 4, remote router ID 200.1.3.2
  BGP state = Established, up for 00:17:49
  Last read 00:00:40, last write 00:00:53, hold time is 180, keepalive interval is 60 seconds
  Neighbor sessions:
    1 active, is not multisession capable (disabled)
  Neighbor capabilities:
    Route refresh: advertised and received(new)
    Four-octets ASN Capability: advertised and received
    Address family IPv4 Unicast: advertised and received
    Enhanced Refresh Capability: advertised and received
    Multisession Capability: 
    Stateful switchover support enabled: NO for session 1
  Message statistics:
    InQ depth is 0
    OutQ depth is 0
    
                         Sent       Rcvd
    Opens:                  1          1
    Notifications:          0          0
    Updates:               10         10
    Keepalives:            19         19
    Route Refresh:          0          0
    Total:                 30         30
  Default minimum time between advertisement runs is 30 seconds

  Address tracking is enabled, the RIB does have a route to 200.1.2.2
  Connections established 1; dropped 0
  Last reset never
  Transport(tcp) path-mtu-discovery is enabled
  Graceful-Restart is disabled
Connection state is ESTAB, I/O status: 1, unread input bytes: 0            
Connection is ECN Disabled, Mininum incoming TTL 0, Outgoing TTL 1
Local host: 200.1.2.1, Local port: 38290
Foreign host: 200.1.2.2, Foreign port: 179
Connection tableid (VRF): 0
Maximum output segment queue size: 50

Enqueued packets for retransmit: 0, input: 0  mis-ordered: 0 (0 bytes)

Event Timers (current time is 0x1098F6):
Timer          Starts    Wakeups            Next
Retrans            25          1             0x0
TimeWait            0          0             0x0
AckHold            22         19             0x0
SendWnd             0          0             0x0
KeepAlive           0          0             0x0
GiveUp              0          0             0x0
PmtuAger          306        305        0x1098FC
DeadWait            0          0             0x0
Linger              0          0             0x0
ProcessQ            0          0             0x0

iss: 4013908164  snduna: 4013909083  sndnxt: 4013909083
irs:  435333144  rcvnxt:  435334135

sndwnd:  15466  scale:      0  maxrcvwnd:  16384
rcvwnd:  15394  scale:      0  delrcvwnd:    990

SRTT: 954 ms, RTTO: 1319 ms, RTV: 365 ms, KRTT: 0 ms
minRTT: 2 ms, maxRTT: 1000 ms, ACK hold: 200 ms
Status Flags: active open
Option Flags: nagle, path mtu capable, md5
IP Precedence value : 6

Datagrams (max data segment is 1460 bytes):
Rcvd: 46 (out of order: 0), with data: 23, total data bytes: 990
Sent: 46 (retransmit: 1, fastretransmit: 0, partialack: 0, Second Congestion: 0), with data: 23, total data bytes: 918

 Packets received in fast path: 0, fast processed: 0, slow path: 0
 fast lock acquisition failures: 0, slow path: 0
TCP Semaphore      0xF49687A4  FREE 


For address family: IPv4 Multicast

For address family: MVPNv4 Unicast
R6-200#
+++ R6-200: executing command 'show bgp all neighbors 192.168.1.1 policy' +++
show bgp all neighbors 192.168.1.1 policy
 Neighbor: 192.168.1.1, Address-Family: IPv4 Unicast
R6-200#
+++ R6-200: executing command 'show bgp all neighbors 200.1.2.2 policy' +++
show bgp all neighbors 200.1.2.2 policy
 Neighbor: 200.1.2.2, Address-Family: IPv4 Unicast
R6-200#
+++ R6-200: executing command 'show bgp all' +++
show bgp all
For address family: IPv4 Unicast

BGP table version is 39, local router ID is 6.6.6.6
Status codes: s suppressed, d damped, h history, * valid, > best, i - internal, 
              r RIB-failure, S Stale, m multipath, b backup-path, f RT-Filter, 
              x best-external, a additional-path, c RIB-compressed, 
Origin codes: i - IGP, e - EGP, ? - incomplete
RPKI validation codes: V valid, I invalid, N Not found

     Network          Next Hop            Metric LocPrf Weight Path
 *>  1.1.1.1/32       200.1.2.2                              0 400 300 100 ?
 * i                  3.3.3.3                 21    100      0 100 ?
 *>  2.2.2.2/32       200.1.2.2                              0 400 300 100 ?
 * i                  3.3.3.3                 11    100      0 100 ?
 *>i 3.3.3.3/32       100.1.2.1                0    100      0 ?
 *>  4.4.4.4/32       200.1.2.2                              0 400 300 100 ?
 * i                  3.3.3.3                 21    100      0 100 ?
 r>i 5.5.5.5/32       192.168.1.1              0    100      0 ?
 r>i 6.6.6.6/32       192.168.1.1             11    100      0 ?
 r>i 7.7.7.7/32       192.168.2.1             11    100      0 ?
 *>  8.8.8.8/32       200.1.2.2                              0 400 300 ?
 *>  9.9.9.9/32       200.1.2.2                              0 400 300 ?
 *>  10.1.1.0/24      200.1.2.2                              0 400 300 ?
 *>  10.1.2.0/24      200.1.2.2                              0 400 300 ?
 *>  10.1.3.0/24      200.1.2.2                              0 400 300 ?
 *>  10.10.10.10/32   200.1.2.2                              0 400 300 ?
 *>  12.12.1.0/24     200.1.2.2                0             0 400 i
 *>i 100.1.2.0/24     3.3.3.3                  0    100      0 100 ?
 *>  100.1.3.0/24     200.1.2.2                              0 400 300 ?
 *>  172.16.1.0/24    200.1.2.2                              0 400 300 100 ?
 * i                  3.3.3.3                 20    100      0 100 ?
 *>  172.16.2.0/24    200.1.2.2                              0 400 300 100 ?
 * i                  3.3.3.3                  0    100      0 100 ?
 *>  172.16.3.0/24    200.1.2.2                              0 400 300 100 ?
 * i                  3.3.3.3                 20    100      0 100 ?
 r>i 192.168.1.0      192.168.1.1              0    100      0 ?
 r>i 192.168.2.0      192.168.1.1              0    100      0 ?
 r>i 192.168.3.0      192.168.1.1             20    100      0 ?
 *>  192.168.122.0    200.1.2.2                0             0 400 i
 r>i 200.1.2.0        192.168.1.1             20    100      0 ?
 *>  200.1.3.0        200.1.2.2                              0 400 300 ?

For address family: IPv4 Multicast


For address family: MVPNv4 Unicast

R6-200#
+++ R6-200: executing command 'show bgp all detail' +++
show bgp all detail
show bgp all detail
              ^
% Invalid input detected at '^' marker.

R6-200#
+++ R6-200: executing command 'show bgp all neighbors 192.168.1.1 advertised-routes' +++
show bgp all neighbors 192.168.1.1 advertised-routes
For address family: IPv4 Unicast
BGP table version is 39, local router ID is 6.6.6.6
Status codes: s suppressed, d damped, h history, * valid, > best, i - internal, 
              r RIB-failure, S Stale, m multipath, b backup-path, f RT-Filter, 
              x best-external, a additional-path, c RIB-compressed, 
Origin codes: i - IGP, e - EGP, ? - incomplete
RPKI validation codes: V valid, I invalid, N Not found

     Network          Next Hop            Metric LocPrf Weight Path
 *>  1.1.1.1/32       200.1.2.2                              0 400 300 100 ?
 *>  2.2.2.2/32       200.1.2.2                              0 400 300 100 ?
 *>  4.4.4.4/32       200.1.2.2                              0 400 300 100 ?
 *>  8.8.8.8/32       200.1.2.2                              0 400 300 ?
 *>  9.9.9.9/32       200.1.2.2                              0 400 300 ?
 *>  10.1.1.0/24      200.1.2.2                              0 400 300 ?
 *>  10.1.2.0/24      200.1.2.2                              0 400 300 ?
 *>  10.1.3.0/24      200.1.2.2                              0 400 300 ?
 *>  10.10.10.10/32   200.1.2.2                              0 400 300 ?
 *>  12.12.1.0/24     200.1.2.2                0             0 400 i
 *>  100.1.3.0/24     200.1.2.2                              0 400 300 ?
 *>  172.16.1.0/24    200.1.2.2                              0 400 300 100 ?
 *>  172.16.2.0/24    200.1.2.2                              0 400 300 100 ?
 *>  172.16.3.0/24    200.1.2.2                              0 400 300 100 ?
 *>  192.168.122.0    200.1.2.2                0             0 400 i
 *>  200.1.3.0        200.1.2.2                              0 400 300 ?

Total number of prefixes 16 
R6-200#
+++ R6-200: executing command 'show bgp all neighbors | i BGP neighbor' +++
show bgp all neighbors | i BGP neighbor
BGP neighbor is 192.168.1.1,  remote AS 200, internal link
BGP neighbor is 200.1.2.2,  remote AS 400, external link
R6-200#
+++ R6-200: executing command 'show bgp all neighbors 200.1.2.2 advertised-routes' +++
show bgp all neighbors 200.1.2.2 advertised-routes
For address family: IPv4 Unicast
BGP table version is 39, local router ID is 6.6.6.6
Status codes: s suppressed, d damped, h history, * valid, > best, i - internal, 
              r RIB-failure, S Stale, m multipath, b backup-path, f RT-Filter, 
              x best-external, a additional-path, c RIB-compressed, 
Origin codes: i - IGP, e - EGP, ? - incomplete
RPKI validation codes: V valid, I invalid, N Not found

     Network          Next Hop            Metric LocPrf Weight Path
 *>i 3.3.3.3/32       100.1.2.1                0    100      0 ?
 r>i 5.5.5.5/32       192.168.1.1              0    100      0 ?
 r>i 6.6.6.6/32       192.168.1.1             11    100      0 ?
 r>i 7.7.7.7/32       192.168.2.1             11    100      0 ?
 *>i 100.1.2.0/24     3.3.3.3                  0    100      0 100 ?
 r>i 192.168.1.0      192.168.1.1              0    100      0 ?
 r>i 192.168.2.0      192.168.1.1              0    100      0 ?
 r>i 192.168.3.0      192.168.1.1             20    100      0 ?
 r>i 200.1.2.0        192.168.1.1             20    100      0 ?

Total number of prefixes 9 
R6-200#
+++ R6-200: executing command 'show bgp all neighbors | i BGP neighbor' +++
show bgp all neighbors | i BGP neighbor
BGP neighbor is 192.168.1.1,  remote AS 200, internal link
BGP neighbor is 200.1.2.2,  remote AS 400, external link
R6-200#
+++ R6-200: executing command 'show bgp all neighbors 192.168.1.1 routes' +++
show bgp all neighbors 192.168.1.1 routes
For address family: IPv4 Unicast
BGP table version is 39, local router ID is 6.6.6.6
Status codes: s suppressed, d damped, h history, * valid, > best, i - internal, 
              r RIB-failure, S Stale, m multipath, b backup-path, f RT-Filter, 
              x best-external, a additional-path, c RIB-compressed, 
Origin codes: i - IGP, e - EGP, ? - incomplete
RPKI validation codes: V valid, I invalid, N Not found

     Network          Next Hop            Metric LocPrf Weight Path
 * i 1.1.1.1/32       3.3.3.3                 21    100      0 100 ?
 * i 2.2.2.2/32       3.3.3.3                 11    100      0 100 ?
 *>i 3.3.3.3/32       100.1.2.1                0    100      0 ?
 * i 4.4.4.4/32       3.3.3.3                 21    100      0 100 ?
 r>i 5.5.5.5/32       192.168.1.1              0    100      0 ?
 r>i 6.6.6.6/32       192.168.1.1             11    100      0 ?
 r>i 7.7.7.7/32       192.168.2.1             11    100      0 ?
 *>i 100.1.2.0/24     3.3.3.3                  0    100      0 100 ?
 * i 172.16.1.0/24    3.3.3.3                 20    100      0 100 ?
 * i 172.16.2.0/24    3.3.3.3                  0    100      0 100 ?
 * i 172.16.3.0/24    3.3.3.3                 20    100      0 100 ?
 r>i 192.168.1.0      192.168.1.1              0    100      0 ?
 r>i 192.168.2.0      192.168.1.1              0    100      0 ?
 r>i 192.168.3.0      192.168.1.1             20    100      0 ?
 r>i 200.1.2.0        192.168.1.1             20    100      0 ?

Total number of prefixes 15 
R6-200#
+++ R6-200: executing command 'show bgp all neighbors | i BGP neighbor' +++
show bgp all neighbors | i BGP neighbor
BGP neighbor is 192.168.1.1,  remote AS 200, internal link
BGP neighbor is 200.1.2.2,  remote AS 400, external link
R6-200#
+++ R6-200: executing command 'show bgp all neighbors 200.1.2.2 routes' +++
show bgp all neighbors 200.1.2.2 routes
For address family: IPv4 Unicast
BGP table version is 39, local router ID is 6.6.6.6
Status codes: s suppressed, d damped, h history, * valid, > best, i - internal, 
              r RIB-failure, S Stale, m multipath, b backup-path, f RT-Filter, 
              x best-external, a additional-path, c RIB-compressed, 
Origin codes: i - IGP, e - EGP, ? - incomplete
RPKI validation codes: V valid, I invalid, N Not found

     Network          Next Hop            Metric LocPrf Weight Path
 *>  1.1.1.1/32       200.1.2.2                              0 400 300 100 ?
 *>  2.2.2.2/32       200.1.2.2                              0 400 300 100 ?
 *>  4.4.4.4/32       200.1.2.2                              0 400 300 100 ?
 *>  8.8.8.8/32       200.1.2.2                              0 400 300 ?
 *>  9.9.9.9/32       200.1.2.2                              0 400 300 ?
 *>  10.1.1.0/24      200.1.2.2                              0 400 300 ?
 *>  10.1.2.0/24      200.1.2.2                              0 400 300 ?
 *>  10.1.3.0/24      200.1.2.2                              0 400 300 ?
 *>  10.10.10.10/32   200.1.2.2                              0 400 300 ?
 *>  12.12.1.0/24     200.1.2.2                0             0 400 i
 *>  100.1.3.0/24     200.1.2.2                              0 400 300 ?
 *>  172.16.1.0/24    200.1.2.2                              0 400 300 100 ?
 *>  172.16.2.0/24    200.1.2.2                              0 400 300 100 ?
 *>  172.16.3.0/24    200.1.2.2                              0 400 300 100 ?
 *>  192.168.122.0    200.1.2.2                0             0 400 i
 *>  200.1.3.0        200.1.2.2                              0 400 300 ?

Total number of prefixes 16 
R6-200#
+++ R6-200: executing command 'show bgp all neighbors | i BGP neighbor' +++
show bgp all neighbors | i BGP neighbor
BGP neighbor is 192.168.1.1,  remote AS 200, internal link
BGP neighbor is 200.1.2.2,  remote AS 400, external link
R6-200#
+++ R6-200: executing command 'show bgp all neighbors 192.168.1.1 received-routes' +++
show bgp all neighbors 192.168.1.1 received-routes
For address family: IPv4 Unicast
% Inbound soft reconfiguration not enabled on 192.168.1.1
R6-200#
+++ R6-200: executing command 'show bgp all neighbors | i BGP neighbor' +++
show bgp all neighbors | i BGP neighbor
BGP neighbor is 192.168.1.1,  remote AS 200, internal link
BGP neighbor is 200.1.2.2,  remote AS 400, external link
R6-200#
+++ R6-200: executing command 'show bgp all neighbors 200.1.2.2 received-routes' +++
show bgp all neighbors 200.1.2.2 received-routes
For address family: IPv4 Unicast
% Inbound soft reconfiguration not enabled on 200.1.2.2
R6-200#
+++ R6-200: executing command 'show bgp all neighbors | i BGP neighbor' +++
show bgp all neighbors | i BGP neighbor
BGP neighbor is 192.168.1.1,  remote AS 200, internal link
BGP neighbor is 200.1.2.2,  remote AS 400, external link
R6-200#
Could not learn <class 'genie.libs.parser.ios.show_bgp.ShowBgpAllNeighborsReceivedRoutes'>
Parser Output is empty
+====================================================================================================================================================+
| Commands for learning feature 'Bgp'                                                                                                                |
+====================================================================================================================================================+
| - Parsed commands                                                                                                                                  |
|----------------------------------------------------------------------------------------------------------------------------------------------------|
|   cmd: <class 'genie.libs.parser.ios.show_bgp.ShowBgpAllSummary'>, arguments: {'address_family':'','vrf':''}                                       |
|   cmd: <class 'genie.libs.parser.ios.show_bgp.ShowBgpAllClusterIds'>                                                                               |
|   cmd: <class 'genie.libs.parser.ios.show_bgp.ShowBgpAllNeighbors'>, arguments: {'address_family':'','neighbor':''}                                |
|   cmd: <class 'genie.libs.parser.ios.show_bgp.ShowBgpAll'>, arguments: {'address_family':''}                                                       |
|   cmd: <class 'genie.libs.parser.ios.show_bgp.ShowBgpAllNeighborsAdvertisedRoutes'>, arguments: {'address_family':'','neighbor':'192.168.1.1'}     |
|   cmd: <class 'genie.libs.parser.ios.show_bgp.ShowBgpAllNeighborsAdvertisedRoutes'>, arguments: {'address_family':'','neighbor':'200.1.2.2'}       |
|   cmd: <class 'genie.libs.parser.ios.show_bgp.ShowBgpAllNeighborsRoutes'>, arguments: {'address_family':'','neighbor':'192.168.1.1'}               |
|   cmd: <class 'genie.libs.parser.ios.show_bgp.ShowBgpAllNeighborsRoutes'>, arguments: {'address_family':'','neighbor':'200.1.2.2'}                 |
|====================================================================================================================================================|
| - Commands not accepted on the device                                                                                                              |
|----------------------------------------------------------------------------------------------------------------------------------------------------|
|   cmd: <class 'genie.libs.parser.ios.show_bgp.ShowBgpAllDetail'>, arguments: {'address_family':'','vrf':''}                                        |
|====================================================================================================================================================|
| - Commands with empty output                                                                                                                       |
|----------------------------------------------------------------------------------------------------------------------------------------------------|
|   cmd: <class 'genie.libs.parser.ios.show_bgp.ShowIpBgpTemplatePeerSession'>                                                                       |
|   cmd: <class 'genie.libs.parser.ios.show_bgp.ShowIpBgpTemplatePeerPolicy'>                                                                        |
|   cmd: <class 'genie.libs.parser.ios.show_bgp.ShowIpBgpAllDampeningParameters'>                                                                    |
|   cmd: <class 'genie.libs.parser.ios.show_bgp.ShowBgpAllNeighborsPolicy'>, arguments: {'neighbor':'192.168.1.1'}                                   |
|   cmd: <class 'genie.libs.parser.ios.show_bgp.ShowBgpAllNeighborsPolicy'>, arguments: {'neighbor':'200.1.2.2'}                                     |
|   cmd: <class 'genie.libs.parser.ios.show_bgp.ShowBgpAllNeighborsReceivedRoutes'>, arguments: {'address_family':'','neighbor':'192.168.1.1'}       |
|   cmd: <class 'genie.libs.parser.ios.show_bgp.ShowBgpAllNeighborsReceivedRoutes'>, arguments: {'address_family':'','neighbor':'200.1.2.2'}         |
|====================================================================================================================================================|
